<?xml version="1.0" encoding="UTF-8"?>
<testsuites>
  <testsuite name="/workspaces/Draft-Tugas-Akhir/helpdesk-api/phpunit.xml" tests="1" assertions="1" errors="0" failures="1" skipped="0" time="0.804298">
    <testsuite name="Feature" tests="1" assertions="1" errors="0" failures="1" skipped="0" time="0.804298">
      <testsuite name="Tests\Feature\Controllers\CategoryControllerTest" file="/workspaces/Draft-Tugas-Akhir/helpdesk-api/tests/Feature/Controllers/CategoryControllerTest.php" tests="1" assertions="1" errors="0" failures="1" skipped="0" time="0.804298">
        <testcase name="test_get_all_categories_public_access" file="/workspaces/Draft-Tugas-Akhir/helpdesk-api/tests/Feature/Controllers/CategoryControllerTest.php" line="39" class="Tests\Feature\Controllers\CategoryControllerTest" classname="Tests.Feature.Controllers.CategoryControllerTest" assertions="1" time="0.804298">
          <failure type="PHPUnit\Framework\ExpectationFailedException">Tests\Feature\Controllers\CategoryControllerTest::test_get_all_categories_public_access
Expected response status code [200] but received 500.
Failed asserting that 500 is identical to 200.

/workspaces/Draft-Tugas-Akhir/helpdesk-api/vendor/laravel/framework/src/Illuminate/Testing/TestResponseAssert.php:45
/workspaces/Draft-Tugas-Akhir/helpdesk-api/vendor/laravel/framework/src/Illuminate/Testing/TestResponse.php:174
/workspaces/Draft-Tugas-Akhir/helpdesk-api/tests/Feature/Controllers/CategoryControllerTest.php:43</failure>
        </testcase>
      </testsuite>
    </testsuite>
  </testsuite>
</testsuites>
